
                           Design Compiler Graphical 
                                 DC Ultra (TM)
                                  DFTMAX (TM)
                              Power Compiler (TM)
                                 DesignWare (R)
                                 DC Expert (TM)
                               Design Vision (TM)
                               HDL Compiler (TM)
                               VHDL Compiler (TM)
                                  DFT Compiler
                               Design Compiler(R)

               Version O-2018.06-SP1 for linux64 - Jul 19, 2018 

                    Copyright (c) 1988 - 2018 Synopsys, Inc.
   This software and the associated documentation are proprietary to Synopsys,
 Inc. This software may only be used in accordance with the terms and conditions
 of a written license agreement with Synopsys, Inc. All other use, reproduction,
            or distribution of this software is strictly prohibited.
Initializing...
Initializing gui preferences from file  /home/ICer/.synopsys_dv_prefs.tcl
################## Design Compiler Library Files ######################
# 1. Search Paths
set RTL_DIR "/home/ICer/Labs/system/rtl"
/home/ICer/Labs/system/rtl
set STD_DIR "/home/ICer/Labs/system/std_cells"
/home/ICer/Labs/system/std_cells
lappend search_path $RTL_DIR $STD_DIR
. /home/synopsys/syn/O-2018.06-SP1/libraries/syn /home/synopsys/syn/O-2018.06-SP1/minpower/syn /home/synopsys/syn/O-2018.06-SP1/dw/syn_ver /home/synopsys/syn/O-2018.06-SP1/dw/sim_ver /home/ICer/Labs/system/rtl /home/ICer/Labs/system/std_cells
# 2. Technology Libraries
set TTLIB "scmetro_tsmc_cl013g_rvt_tt_1p2v_25c.db"
scmetro_tsmc_cl013g_rvt_tt_1p2v_25c.db
set SSLIB "scmetro_tsmc_cl013g_rvt_ss_1p08v_125c.db"
scmetro_tsmc_cl013g_rvt_ss_1p08v_125c.db
set FFLIB "scmetro_tsmc_cl013g_rvt_ff_1p32v_m40c.db"
scmetro_tsmc_cl013g_rvt_ff_1p32v_m40c.db
# Set target_library to worst-case (SS) corner for setup timing optimization
set target_library [list $SSLIB]
scmetro_tsmc_cl013g_rvt_ss_1p08v_125c.db
# Include all corners and '*' for design memory mapping
set link_library   [list * $TTLIB $SSLIB $FFLIB]
* scmetro_tsmc_cl013g_rvt_tt_1p2v_25c.db scmetro_tsmc_cl013g_rvt_ss_1p08v_125c.db scmetro_tsmc_cl013g_rvt_ff_1p32v_m40c.db
######################## Reading RTL Files #################################
# Analyze & Elaborate flow (Recommended over read_file)
analyze -format verilog {     /home/ICer/Labs/system/rtl/data_sampling.v     /home/ICer/Labs/system/rtl/deserializer.v     /home/ICer/Labs/system/rtl/DF_Sync.v     /home/ICer/Labs/system/rtl/edge_bit_counter.v     /home/ICer/Labs/system/rtl/fifo_mem.v     /home/ICer/Labs/system/rtl/fifo_rd.v     /home/ICer/Labs/system/rtl/fifo_wr.v     /home/ICer/Labs/system/rtl/parity_calc.v     /home/ICer/Labs/system/rtl/parity_check.v     /home/ICer/Labs/system/rtl/RX_FSM.v     /home/ICer/Labs/system/rtl/serializer.v     /home/ICer/Labs/system/rtl/start_check.v     /home/ICer/Labs/system/rtl/stop_check.v     /home/ICer/Labs/system/rtl/TX_FSM.v     /home/ICer/Labs/system/rtl/TX_mux.v     /home/ICer/Labs/system/rtl/UART_RX.v     /home/ICer/Labs/system/rtl/async_fifo.v     /home/ICer/Labs/system/rtl/UART_TX.v     /home/ICer/Labs/system/rtl/system_top.v }
Running PRESTO HDLC
Compiling source file /home/ICer/Labs/system/rtl/data_sampling.v
Compiling source file /home/ICer/Labs/system/rtl/deserializer.v
Compiling source file /home/ICer/Labs/system/rtl/DF_Sync.v
Compiling source file /home/ICer/Labs/system/rtl/edge_bit_counter.v
Compiling source file /home/ICer/Labs/system/rtl/fifo_mem.v
Compiling source file /home/ICer/Labs/system/rtl/fifo_rd.v
Compiling source file /home/ICer/Labs/system/rtl/fifo_wr.v
Compiling source file /home/ICer/Labs/system/rtl/parity_calc.v
Compiling source file /home/ICer/Labs/system/rtl/parity_check.v
Warning:  /home/ICer/Labs/system/rtl/parity_check.v:11: the undeclared symbol 'expected_parity' assumed to have the default net type, which is 'wire'. (VER-936)
Compiling source file /home/ICer/Labs/system/rtl/RX_FSM.v
Compiling source file /home/ICer/Labs/system/rtl/serializer.v
Compiling source file /home/ICer/Labs/system/rtl/start_check.v
Compiling source file /home/ICer/Labs/system/rtl/stop_check.v
Compiling source file /home/ICer/Labs/system/rtl/TX_FSM.v
Compiling source file /home/ICer/Labs/system/rtl/TX_mux.v
Compiling source file /home/ICer/Labs/system/rtl/UART_RX.v
Compiling source file /home/ICer/Labs/system/rtl/async_fifo.v
Compiling source file /home/ICer/Labs/system/rtl/UART_TX.v
Warning:  /home/ICer/Labs/system/rtl/UART_TX.v:14: the undeclared symbol 'start_bit' assumed to have the default net type, which is 'wire'. (VER-936)
Warning:  /home/ICer/Labs/system/rtl/UART_TX.v:15: the undeclared symbol 'stop_bit' assumed to have the default net type, which is 'wire'. (VER-936)
Compiling source file /home/ICer/Labs/system/rtl/system_top.v
Presto compilation completed successfully.
Loading db file '/home/ICer/Labs/system/std_cells/scmetro_tsmc_cl013g_rvt_tt_1p2v_25c.db'
Loading db file '/home/ICer/Labs/system/std_cells/scmetro_tsmc_cl013g_rvt_ss_1p08v_125c.db'
Loading db file '/home/ICer/Labs/system/std_cells/scmetro_tsmc_cl013g_rvt_ff_1p32v_m40c.db'
1
elaborate system_top
Loading db file '/home/synopsys/syn/O-2018.06-SP1/libraries/syn/gtech.db'
Loading db file '/home/synopsys/syn/O-2018.06-SP1/libraries/syn/standard.sldb'
  Loading link library 'scmetro_tsmc_cl013g_rvt_tt_1p2v_25c'
  Loading link library 'scmetro_tsmc_cl013g_rvt_ss_1p08v_125c'
  Loading link library 'scmetro_tsmc_cl013g_rvt_ff_1p32v_m40c'
  Loading link library 'gtech'
Running PRESTO HDLC
Presto compilation completed successfully.
Elaborated 1 design.
Current design is now 'system_top'.
Information: Building the design 'UART_RX'. (HDL-193)
Presto compilation completed successfully.
Information: Building the design 'async_fifo' instantiated from design 'system_top' with
	the parameters "D_WIDTH=8,P_WIDTH=4". (HDL-193)
Presto compilation completed successfully.
Information: Building the design 'UART_TX' instantiated from design 'system_top' with
	the parameters "DATA_WIDTH=8". (HDL-193)
Presto compilation completed successfully.
Information: Building the design 'RX_FSM'. (HDL-193)

Statistics for case statements in always block at line 38 in file
	'/home/ICer/Labs/system/rtl/RX_FSM.v'
===============================================
|           Line           |  full/ parallel  |
===============================================
|            40            |    auto/auto     |
===============================================

Statistics for case statements in always block at line 102 in file
	'/home/ICer/Labs/system/rtl/RX_FSM.v'
===============================================
|           Line           |  full/ parallel  |
===============================================
|           112            |    auto/auto     |
===============================================

Inferred memory devices in process
	in routine RX_FSM line 31 in file
		'/home/ICer/Labs/system/rtl/RX_FSM.v'.
===============================================================================
|    Register Name    |   Type    | Width | Bus | MB | AR | AS | SR | SS | ST |
===============================================================================
|  current_state_reg  | Flip-flop |   3   |  Y  | N  | Y  | N  | N  | N  | N  |
===============================================================================
Presto compilation completed successfully.
Information: Building the design 'data_sampling'. (HDL-193)

Statistics for case statements in always block at line 15 in file
	'/home/ICer/Labs/system/rtl/data_sampling.v'
===============================================
|           Line           |  full/ parallel  |
===============================================
|            25            |    auto/auto     |
===============================================

Inferred memory devices in process
	in routine data_sampling line 15 in file
		'/home/ICer/Labs/system/rtl/data_sampling.v'.
===============================================================================
|    Register Name    |   Type    | Width | Bus | MB | AR | AS | SR | SS | ST |
===============================================================================
|   sampled_bit_reg   | Flip-flop |   1   |  N  | N  | Y  | N  | N  | N  | N  |
|     samples_reg     | Flip-flop |   2   |  Y  | N  | Y  | N  | N  | N  | N  |
===============================================================================
Presto compilation completed successfully.
Information: Building the design 'edge_bit_counter'. (HDL-193)

Inferred memory devices in process
	in routine edge_bit_counter line 12 in file
		'/home/ICer/Labs/system/rtl/edge_bit_counter.v'.
===============================================================================
|    Register Name    |   Type    | Width | Bus | MB | AR | AS | SR | SS | ST |
===============================================================================
|     bit_cnt_reg     | Flip-flop |   4   |  Y  | N  | Y  | N  | N  | N  | N  |
|    edge_cnt_reg     | Flip-flop |   6   |  Y  | N  | Y  | N  | N  | N  | N  |
===============================================================================
Presto compilation completed successfully.
Information: Building the design 'parity_check'. (HDL-193)

Inferred memory devices in process
	in routine parity_check line 13 in file
		'/home/ICer/Labs/system/rtl/parity_check.v'.
===============================================================================
|    Register Name    |   Type    | Width | Bus | MB | AR | AS | SR | SS | ST |
===============================================================================
|     par_err_reg     | Flip-flop |   1   |  N  | N  | Y  | N  | N  | N  | N  |
===============================================================================
Presto compilation completed successfully.
Information: Building the design 'start_check'. (HDL-193)

Inferred memory devices in process
	in routine start_check line 9 in file
		'/home/ICer/Labs/system/rtl/start_check.v'.
===============================================================================
|    Register Name    |   Type    | Width | Bus | MB | AR | AS | SR | SS | ST |
===============================================================================
|   strt_glitch_reg   | Flip-flop |   1   |  N  | N  | Y  | N  | N  | N  | N  |
===============================================================================
Presto compilation completed successfully.
Information: Building the design 'stop_check'. (HDL-193)

Inferred memory devices in process
	in routine stop_check line 9 in file
		'/home/ICer/Labs/system/rtl/stop_check.v'.
===============================================================================
|    Register Name    |   Type    | Width | Bus | MB | AR | AS | SR | SS | ST |
===============================================================================
|     stp_err_reg     | Flip-flop |   1   |  N  | N  | Y  | N  | N  | N  | N  |
===============================================================================
Presto compilation completed successfully.
Information: Building the design 'deserializer'. (HDL-193)

Inferred memory devices in process
	in routine deserializer line 11 in file
		'/home/ICer/Labs/system/rtl/deserializer.v'.
===============================================================================
|    Register Name    |   Type    | Width | Bus | MB | AR | AS | SR | SS | ST |
===============================================================================
|     P_DATA_reg      | Flip-flop |   8   |  Y  | N  | Y  | N  | N  | N  | N  |
===============================================================================
Presto compilation completed successfully.
Information: Building the design 'fifo_wr' instantiated from design 'async_fifo_D_WIDTH8_P_WIDTH4' with
	the parameters "P_WIDTH=4". (HDL-193)

Inferred memory devices in process
	in routine fifo_wr_P_WIDTH4 line 33 in file
		'/home/ICer/Labs/system/rtl/fifo_wr.v'.
===============================================================================
|    Register Name    |   Type    | Width | Bus | MB | AR | AS | SR | SS | ST |
===============================================================================
|      wbin_reg       | Flip-flop |   4   |  Y  | N  | Y  | N  | N  | N  | N  |
|      wgray_reg      | Flip-flop |   4   |  Y  | N  | Y  | N  | N  | N  | N  |
===============================================================================

Inferred memory devices in process
	in routine fifo_wr_P_WIDTH4 line 44 in file
		'/home/ICer/Labs/system/rtl/fifo_wr.v'.
===============================================================================
|    Register Name    |   Type    | Width | Bus | MB | AR | AS | SR | SS | ST |
===============================================================================
|      full_reg       | Flip-flop |   1   |  N  | N  | Y  | N  | N  | N  | N  |
===============================================================================
Presto compilation completed successfully.
Information: Building the design 'fifo_rd' instantiated from design 'async_fifo_D_WIDTH8_P_WIDTH4' with
	the parameters "P_WIDTH=4". (HDL-193)

Inferred memory devices in process
	in routine fifo_rd_P_WIDTH4 line 30 in file
		'/home/ICer/Labs/system/rtl/fifo_rd.v'.
===============================================================================
|    Register Name    |   Type    | Width | Bus | MB | AR | AS | SR | SS | ST |
===============================================================================
|      r_bin_reg      | Flip-flop |   4   |  Y  | N  | Y  | N  | N  | N  | N  |
|   gray_rd_ptr_reg   | Flip-flop |   4   |  Y  | N  | Y  | N  | N  | N  | N  |
|      empty_reg      | Flip-flop |   1   |  N  | N  | N  | Y  | N  | N  | N  |
===============================================================================
Presto compilation completed successfully.
Information: Building the design 'fifo_mem' instantiated from design 'async_fifo_D_WIDTH8_P_WIDTH4' with
	the parameters "D_WIDTH=8,A_WIDTH=3,F_DEPTH=8". (HDL-193)

Inferred memory devices in process
	in routine fifo_mem_D_WIDTH8_A_WIDTH3_F_DEPTH8 line 23 in file
		'/home/ICer/Labs/system/rtl/fifo_mem.v'.
===============================================================================
|    Register Name    |   Type    | Width | Bus | MB | AR | AS | SR | SS | ST |
===============================================================================
|       mem_reg       | Flip-flop |  64   |  Y  | N  | Y  | N  | N  | N  | N  |
===============================================================================
Statistics for MUX_OPs
============================================================================
|            block name/line             | Inputs | Outputs | # sel inputs |
============================================================================
| fifo_mem_D_WIDTH8_A_WIDTH3_F_DEPTH8/19 |   8    |    8    |      3       |
============================================================================
Presto compilation completed successfully.
Information: Building the design 'DF_Sync' instantiated from design 'async_fifo_D_WIDTH8_P_WIDTH4' with
	the parameters "DATA_WIDTH=4". (HDL-193)

Inferred memory devices in process
	in routine DF_Sync_DATA_WIDTH4 line 12 in file
		'/home/ICer/Labs/system/rtl/DF_Sync.v'.
===============================================================================
|    Register Name    |   Type    | Width | Bus | MB | AR | AS | SR | SS | ST |
===============================================================================
|    sync_reg_reg     | Flip-flop |   4   |  Y  | N  | Y  | N  | N  | N  | N  |
|      sync_reg       | Flip-flop |   4   |  Y  | N  | Y  | N  | N  | N  | N  |
===============================================================================
Presto compilation completed successfully.
Information: Building the design 'serializer' instantiated from design 'UART_TX_DATA_WIDTH8' with
	the parameters "DATA_WIDTH=8". (HDL-193)

Inferred memory devices in process
	in routine serializer_DATA_WIDTH8 line 20 in file
		'/home/ICer/Labs/system/rtl/serializer.v'.
===============================================================================
|    Register Name    |   Type    | Width | Bus | MB | AR | AS | SR | SS | ST |
===============================================================================
|   shift_data_reg    | Flip-flop |   8   |  Y  | N  | Y  | N  | N  | N  | N  |
|      count_reg      | Flip-flop |   3   |  Y  | N  | Y  | N  | N  | N  | N  |
===============================================================================
Presto compilation completed successfully.
Information: Building the design 'TX_FSM'. (HDL-193)

Statistics for case statements in always block at line 36 in file
	'/home/ICer/Labs/system/rtl/TX_FSM.v'
===============================================
|           Line           |  full/ parallel  |
===============================================
|            37            |    auto/auto     |
===============================================

Statistics for case statements in always block at line 76 in file
	'/home/ICer/Labs/system/rtl/TX_FSM.v'
===============================================
|           Line           |  full/ parallel  |
===============================================
|            83            |    auto/auto     |
===============================================

Inferred memory devices in process
	in routine TX_FSM line 29 in file
		'/home/ICer/Labs/system/rtl/TX_FSM.v'.
===============================================================================
|    Register Name    |   Type    | Width | Bus | MB | AR | AS | SR | SS | ST |
===============================================================================
|  current_state_reg  | Flip-flop |   3   |  Y  | N  | Y  | N  | N  | N  | N  |
===============================================================================
Presto compilation completed successfully.
Information: Building the design 'parity_calc' instantiated from design 'UART_TX_DATA_WIDTH8' with
	the parameters "DATA_WIDTH=8". (HDL-193)
Presto compilation completed successfully.
Information: Building the design 'TX_mux'. (HDL-193)

Statistics for case statements in always block at line 15 in file
	'/home/ICer/Labs/system/rtl/TX_mux.v'
===============================================
|           Line           |  full/ parallel  |
===============================================
|            16            |    auto/auto     |
===============================================
Presto compilation completed successfully.
1
current_design system_top
Current design is 'system_top'.
{system_top}
# Link design hierarchy
link

  Linking design 'system_top'
  Using the following designs and libraries:
  --------------------------------------------------------------------------
  * (19 designs)              /home/ICer/Labs/system/syn/system_top.db, etc
  scmetro_tsmc_cl013g_rvt_tt_1p2v_25c (library) /home/ICer/Labs/system/std_cells/scmetro_tsmc_cl013g_rvt_tt_1p2v_25c.db
  scmetro_tsmc_cl013g_rvt_ss_1p08v_125c (library) /home/ICer/Labs/system/std_cells/scmetro_tsmc_cl013g_rvt_ss_1p08v_125c.db
  scmetro_tsmc_cl013g_rvt_ff_1p32v_m40c (library) /home/ICer/Labs/system/std_cells/scmetro_tsmc_cl013g_rvt_ff_1p32v_m40c.db

1
check_design
 
****************************************
check_design summary:
Version:     O-2018.06-SP1
Date:        Thu Sep 17 13:17:04 2026
****************************************

                   Name                                            Total
--------------------------------------------------------------------------------
Inputs/Outputs                                                      2
    Unconnected ports (LINT-28)                                     1
    Shorted outputs (LINT-31)                                       1

Cells                                                              14
    Cells do not drive (LINT-1)                                    12
    Connected to power or ground (LINT-32)                          2
--------------------------------------------------------------------------------

Warning: In design 'RX_FSM', cell 'B_17' does not drive any nets. (LINT-1)
Warning: In design 'RX_FSM', cell 'B_18' does not drive any nets. (LINT-1)
Warning: In design 'RX_FSM', cell 'B_19' does not drive any nets. (LINT-1)
Warning: In design 'RX_FSM', cell 'B_20' does not drive any nets. (LINT-1)
Warning: In design 'RX_FSM', cell 'B_21' does not drive any nets. (LINT-1)
Warning: In design 'RX_FSM', cell 'B_22' does not drive any nets. (LINT-1)
Warning: In design 'RX_FSM', cell 'B_23' does not drive any nets. (LINT-1)
Warning: In design 'RX_FSM', cell 'B_24' does not drive any nets. (LINT-1)
Warning: In design 'edge_bit_counter', cell 'C92' does not drive any nets. (LINT-1)
Warning: In design 'edge_bit_counter', cell 'C93' does not drive any nets. (LINT-1)
Warning: In design 'edge_bit_counter', cell 'C96' does not drive any nets. (LINT-1)
Warning: In design 'serializer_DATA_WIDTH8', cell 'C84' does not drive any nets. (LINT-1)
Warning: In design 'parity_calc_DATA_WIDTH8', port 'clk' is not connected to any nets. (LINT-28)
Warning: In design 'RX_FSM', output port 'dat_samp_en' is connected directly to output port 'enable'. (LINT-31)
Warning: In design 'UART_TX_DATA_WIDTH8', a pin on submodule 'u_mux' is connected to logic 1 or logic 0. (LINT-32)
   Pin 'start_bit' is connected to logic 0. 
Warning: In design 'UART_TX_DATA_WIDTH8', a pin on submodule 'u_mux' is connected to logic 1 or logic 0. (LINT-32)
   Pin 'stop_bit' is connected to logic 1. 
1
# Save generic GTECH netlist
write_file -format verilog -hierarchy -output system_top_netlist_GTECH.v
Writing verilog file '/home/ICer/Labs/system/syn/system_top_netlist_GTECH.v'.
Warning: Verilog 'assign' or 'tran' statements are written out. (VO-4)
Warning: Module RX_FSM contains unmapped components.  The output netlist might not be read back into the system. (VO-12)
Warning: Module data_sampling contains unmapped components.  The output netlist might not be read back into the system. (VO-12)
Warning: Module edge_bit_counter contains unmapped components.  The output netlist might not be read back into the system. (VO-12)
Warning: Module parity_check contains unmapped components.  The output netlist might not be read back into the system. (VO-12)
Warning: Module fifo_mem_D_WIDTH8_A_WIDTH3_F_DEPTH8 contains unmapped components.  The output netlist might not be read back into the system. (VO-12)
Warning: Changed instance name sync_reg[3] to sync_reg[3]_inst in module DF_Sync_DATA_WIDTH4. Please use the change_names command to make the correct changes before invoking the verilog writer.   (VO-1)
Warning: Changed instance name sync_reg[2] to sync_reg[2]_inst in module DF_Sync_DATA_WIDTH4. Please use the change_names command to make the correct changes before invoking the verilog writer.   (VO-1)
Warning: Changed instance name sync_reg[1] to sync_reg[1]_inst in module DF_Sync_DATA_WIDTH4. Please use the change_names command to make the correct changes before invoking the verilog writer.   (VO-1)
Warning: Changed instance name sync_reg[0] to sync_reg[0]_inst in module DF_Sync_DATA_WIDTH4. Please use the change_names command to make the correct changes before invoking the verilog writer.   (VO-1)
Warning: Module serializer_DATA_WIDTH8 contains unmapped components.  The output netlist might not be read back into the system. (VO-12)
Warning: Module TX_FSM contains unmapped components.  The output netlist might not be read back into the system. (VO-12)
Warning: Module parity_calc_DATA_WIDTH8 contains unmapped components.  The output netlist might not be read back into the system. (VO-12)
Warning: Module TX_mux contains unmapped components.  The output netlist might not be read back into the system. (VO-12)
1
###################### Mapping and Optimization ########################
# Advanced synthesis and technology mapping engine
compile_ultra
Loading db file '/home/synopsys/syn/O-2018.06-SP1/libraries/syn/dw_foundation.sldb'
Warning: DesignWare synthetic library dw_foundation.sldb is added to the synthetic_library in the current command. (UISN-40)
Information: Performing power optimization. (PWR-850)
Alib files are up-to-date.
Information: Evaluating DesignWare library utilization. (UISN-27)

============================================================================
| DesignWare Building Block Library  |         Version         | Available |
============================================================================
| Basic DW Building Blocks           | O-2018.06-DWBB_201806.1 |     *     |
| Licensed DW Building Blocks        | O-2018.06-DWBB_201806.1 |     *     |
============================================================================

Information: Sequential output inversion is enabled.  SVF file must be used for formal verification. (OPT-1208)

Information: There are 16 potential problems in your design. Please run 'check_design' for more information. (LINT-99)

Information: Uniquified 2 instances of design 'DF_Sync_DATA_WIDTH4'. (OPT-1056)
  Simplifying Design 'system_top'

Loaded alib file './alib-52/scmetro_tsmc_cl013g_rvt_ss_1p08v_125c.db.alib'
  Building model 'DW01_NAND2'
Information: Ungrouping hierarchy u_uart_rx before Pass 1 (OPT-776)
Information: Ungrouping hierarchy u_async_fifo before Pass 1 (OPT-776)
Information: Ungrouping hierarchy u_uart_tx before Pass 1 (OPT-776)
Information: Ungrouping hierarchy u_uart_rx/u_RX_FSM before Pass 1 (OPT-776)
Information: Ungrouping hierarchy u_uart_rx/u_data_sampling before Pass 1 (OPT-776)
Information: Ungrouping hierarchy u_uart_rx/u_edge_bit_counter before Pass 1 (OPT-776)
Information: Ungrouping hierarchy u_uart_rx/u_parity_check before Pass 1 (OPT-776)
Information: Ungrouping hierarchy u_uart_rx/u_start_check before Pass 1 (OPT-776)
Information: Ungrouping hierarchy u_uart_rx/u_stop_check before Pass 1 (OPT-776)
Information: Ungrouping hierarchy u_uart_rx/u_deserializer before Pass 1 (OPT-776)
Information: Ungrouping hierarchy u_async_fifo/u_fifo_wr before Pass 1 (OPT-776)
Information: Ungrouping hierarchy u_async_fifo/u_fifo_rd before Pass 1 (OPT-776)
Information: Ungrouping hierarchy u_async_fifo/u_fifo_mem before Pass 1 (OPT-776)
Information: Ungrouping hierarchy u_async_fifo/u_sync_r2w before Pass 1 (OPT-776)
Information: Ungrouping hierarchy u_uart_tx/u_serializer before Pass 1 (OPT-776)
Information: Ungrouping hierarchy u_uart_tx/u_fsm before Pass 1 (OPT-776)
Information: Ungrouping hierarchy u_uart_tx/u_parity_calc before Pass 1 (OPT-776)
Information: Ungrouping hierarchy u_uart_tx/u_mux before Pass 1 (OPT-776)
Information: Ungrouping hierarchy u_async_fifo/u_sync_w2r before Pass 1 (OPT-776)
Information: Ungrouping 19 of 20 hierarchies before Pass 1 (OPT-775)
Information: State dependent leakage is now switched from on to off.

  Beginning Pass 1 Mapping
  ------------------------
  Processing 'system_top'
Information: Added key list 'DesignWare' to design 'system_top'. (DDB-72)
Information: In design 'system_top', the register 'u_async_fifo/u_fifo_wr/wbin_reg[3]' is removed because it is merged to 'u_async_fifo/u_fifo_wr/wgray_reg[3]'. (OPT-1215)
Information: In design 'system_top', the register 'u_async_fifo/u_fifo_rd/r_bin_reg[3]' is removed because it is merged to 'u_async_fifo/u_fifo_rd/gray_rd_ptr_reg[3]'. (OPT-1215)
 Implement Synthetic for 'system_top'.
Memory usage for J1 task 327 Mbytes -- main task 327 Mbytes.

  Updating timing information
Information: Updating design information... (UID-85)
Information: The library cell 'HOLDX1M' in the library 'scmetro_tsmc_cl013g_rvt_ss_1p08v_125c' is not characterized for internal power. (PWR-536)
Information: The target library(s) contains cell(s), other than black boxes, that are not characterized for internal power. (PWR-24)

  Beginning Mapping Optimizations  (Ultra High effort)
  -------------------------------
Information: There is no timing violation in design system_top. Delay-based auto_ungroup will not be performed. (OPT-780)

  Beginning Constant Register Removal
  -----------------------------------

  Beginning Global Optimizations
  ------------------------------
  Numerical Synthesis (Phase 1)
  Numerical Synthesis (Phase 2)
  Global Optimization (Phase 1)
  Global Optimization (Phase 2)
  Global Optimization (Phase 3)
  Global Optimization (Phase 4)
  Global Optimization (Phase 5)
  Global Optimization (Phase 6)
  Global Optimization (Phase 7)
  Global Optimization (Phase 8)
  Global Optimization (Phase 9)
  Global Optimization (Phase 10)
  Global Optimization (Phase 11)
  Global Optimization (Phase 12)
  Global Optimization (Phase 13)
  Global Optimization (Phase 14)
  Global Optimization (Phase 15)
  Global Optimization (Phase 16)
  Global Optimization (Phase 17)
  Global Optimization (Phase 18)
  Global Optimization (Phase 19)
  Global Optimization (Phase 20)
  Global Optimization (Phase 21)
  Global Optimization (Phase 22)
  Global Optimization (Phase 23)
  Global Optimization (Phase 24)
  Global Optimization (Phase 25)
  Global Optimization (Phase 26)
  Global Optimization (Phase 27)
  Global Optimization (Phase 28)
  Global Optimization (Phase 29)

  Beginning Isolate Ports
  -----------------------

  Beginning Delay Optimization
  ----------------------------

                                  TOTAL                                                
   ELAPSED            WORST NEG   SETUP    DESIGN                              LEAKAGE 
    TIME      AREA      SLACK     COST    RULE COST         ENDPOINT            POWER  
  --------- --------- --------- --------- --------- ------------------------- ---------
    0:00:03    6090.6      0.00       0.0       3.1                           3112407.7500
    0:00:03    6090.6      0.00       0.0       3.1                           3112407.7500
    0:00:03    6090.6      0.00       0.0       3.1                           3112407.7500
    0:00:03    6090.6      0.00       0.0       3.1                           3112407.7500

  Beginning WLM Backend Optimization
  --------------------------------------
    0:00:04    6082.4      0.00       0.0       2.9                           3072427.2500
    0:00:04    6082.4      0.00       0.0       2.9                           2931722.7500
    0:00:04    6082.4      0.00       0.0       2.9                           2931722.7500
    0:00:04    6082.4      0.00       0.0       2.9                           2931722.7500
    0:00:04    6082.4      0.00       0.0       2.9                           2931722.7500
    0:00:04    6082.4      0.00       0.0       2.9                           2931722.7500
    0:00:04    6082.4      0.00       0.0       2.9                           2931722.7500
    0:00:04    6082.4      0.00       0.0       2.9                           2931722.7500
    0:00:04    6082.4      0.00       0.0       2.9                           2931722.7500
    0:00:04    6082.4      0.00       0.0       2.9                           2931722.7500
    0:00:04    6082.4      0.00       0.0       2.9                           2931722.7500
    0:00:04    6082.4      0.00       0.0       2.9                           2931722.7500
    0:00:04    6082.4      0.00       0.0       2.9                           2931722.7500
    0:00:04    6082.4      0.00       0.0       2.9                           2931722.7500
    0:00:04    6082.4      0.00       0.0       2.9                           2931722.7500
    0:00:04    6082.4      0.00       0.0       2.9                           2931722.7500
    0:00:04    6082.4      0.00       0.0       2.9                           2931722.7500
    0:00:04    6082.4      0.00       0.0       2.9                           2931722.7500
    0:00:04    6082.4      0.00       0.0       2.9                           2931722.7500
    0:00:04    6082.4      0.00       0.0       2.9                           2931722.7500


  Beginning Design Rule Fixing  (max_transition)
  ----------------------------

                                  TOTAL                                                
   ELAPSED            WORST NEG   SETUP    DESIGN                              LEAKAGE 
    TIME      AREA      SLACK     COST    RULE COST         ENDPOINT            POWER  
  --------- --------- --------- --------- --------- ------------------------- ---------
    0:00:04    6082.4      0.00       0.0       2.9                           2931722.7500
  Global Optimization (Phase 30)
  Global Optimization (Phase 31)
  Global Optimization (Phase 32)
    0:00:04    6082.4      0.00       0.0       0.0                           2915839.0000
    0:00:04    6082.4      0.00       0.0       0.0                           2915839.0000


  Beginning Leakage Power Optimization  (max_leakage_power 0)
  ------------------------------------

                                  TOTAL                                                
   ELAPSED            WORST NEG   SETUP    DESIGN                              LEAKAGE 
    TIME      AREA      SLACK     COST    RULE COST         ENDPOINT            POWER  
  --------- --------- --------- --------- --------- ------------------------- ---------
    0:00:04    6082.4      0.00       0.0       0.0                           2915839.0000
  Global Optimization (Phase 33)
  Global Optimization (Phase 34)
  Global Optimization (Phase 35)
  Global Optimization (Phase 36)
  Global Optimization (Phase 37)
  Global Optimization (Phase 38)
  Global Optimization (Phase 39)
  Global Optimization (Phase 40)
  Global Optimization (Phase 41)
  Global Optimization (Phase 42)
  Global Optimization (Phase 43)
    0:00:04    6082.4      0.00       0.0       0.0                           2779444.5000
    0:00:04    6082.4      0.00       0.0       0.0                           2779444.5000
    0:00:04    6082.4      0.00       0.0       0.0                           2779444.5000
    0:00:04    6082.4      0.00       0.0       0.0                           2776723.7500
    0:00:04    6082.4      0.00       0.0       0.0                           2776723.7500
    0:00:04    6082.4      0.00       0.0       0.0                           2776723.7500
    0:00:04    6082.4      0.00       0.0       0.0                           2776723.7500
    0:00:04    6082.4      0.00       0.0       0.0                           2776723.7500
    0:00:04    6082.4      0.00       0.0       0.0                           2776723.7500
    0:00:04    6082.4      0.00       0.0       0.0                           2776723.7500
    0:00:04    6082.4      0.00       0.0       0.0                           2776723.7500
    0:00:04    6082.4      0.00       0.0       0.0                           2776723.7500
    0:00:04    6082.4      0.00       0.0       0.0                           2776723.7500
    0:00:04    6082.4      0.00       0.0       0.0                           2776723.7500
    0:00:04    6082.4      0.00       0.0       0.0                           2776723.7500
    0:00:04    6082.4      0.00       0.0       0.0                           2776723.7500
    0:00:04    6082.4      0.00       0.0       0.0                           2776723.7500
    0:00:04    6082.4      0.00       0.0       0.0                           2776723.7500
    0:00:04    6082.4      0.00       0.0       0.0                           2776723.7500
    0:00:04    6082.4      0.00       0.0       0.0                           2776723.7500
    0:00:04    6082.4      0.00       0.0       0.0                           2776723.7500
    0:00:04    6082.4      0.00       0.0       0.0                           2776723.7500

                                  TOTAL                                                
   ELAPSED            WORST NEG   SETUP    DESIGN                              LEAKAGE 
    TIME      AREA      SLACK     COST    RULE COST         ENDPOINT            POWER  
  --------- --------- --------- --------- --------- ------------------------- ---------
    0:00:04    6082.4      0.00       0.0       0.0                           2776723.7500
    0:00:04    6082.4      0.00       0.0       0.0                           2776723.7500
    0:00:04    6082.4      0.00       0.0       0.0                           2776723.7500
    0:00:04    6082.4      0.00       0.0       0.0                           2776723.7500
    0:00:04    6082.4      0.00       0.0       0.0                           2776723.7500
    0:00:04    6082.4      0.00       0.0       0.0                           2776723.7500
    0:00:04    6082.4      0.00       0.0       0.0                           2776723.7500
    0:00:04    6082.4      0.00       0.0       0.0                           2776723.7500
    0:00:04    6082.4      0.00       0.0       0.0                           2776723.7500
Loading db file '/home/ICer/Labs/system/std_cells/scmetro_tsmc_cl013g_rvt_tt_1p2v_25c.db'
Loading db file '/home/ICer/Labs/system/std_cells/scmetro_tsmc_cl013g_rvt_ss_1p08v_125c.db'
Loading db file '/home/ICer/Labs/system/std_cells/scmetro_tsmc_cl013g_rvt_ff_1p32v_m40c.db'


Note: Symbol # after min delay cost means estimated hold TNS across all active scenarios 


  Optimization Complete
  ---------------------
Information: State dependent leakage is now switched from off to on.
Information: Propagating switching activity (low effort zero delay simulation). (PWR-6)
Warning: There is no defined clock in the design. (PWR-80)
1
# Flatten hierarchy to expose all gates directly in Design Vision
ungroup -all -flatten
Warning: Design has no hierarchy.  No cells can be ungrouped. (UID-228)
0
#############################################################################
# Write out Mapped Gate-Level Design & Reports
#############################################################################
# Final gate-level netlist and DDC database
write_file -format verilog -hierarchy -output system_top_netlist.v
Writing verilog file '/home/ICer/Labs/system/syn/system_top_netlist.v'.
Warning: Changed instance name u_async_fifo/u_sync_w2r/sync_reg[3] to u_async_fifo/u_sync_w2r/sync_reg[3]_inst in module system_top. Please use the change_names command to make the correct changes before invoking the verilog writer.   (VO-1)
Warning: Changed instance name u_async_fifo/u_sync_w2r/sync_reg[2] to u_async_fifo/u_sync_w2r/sync_reg[2]_inst in module system_top. Please use the change_names command to make the correct changes before invoking the verilog writer.   (VO-1)
Warning: Changed instance name u_async_fifo/u_sync_w2r/sync_reg[0] to u_async_fifo/u_sync_w2r/sync_reg[0]_inst in module system_top. Please use the change_names command to make the correct changes before invoking the verilog writer.   (VO-1)
Warning: Changed instance name u_async_fifo/u_sync_w2r/sync_reg[1] to u_async_fifo/u_sync_w2r/sync_reg[1]_inst in module system_top. Please use the change_names command to make the correct changes before invoking the verilog writer.   (VO-1)
Warning: Changed instance name u_async_fifo/u_sync_r2w/sync_reg[3] to u_async_fifo/u_sync_r2w/sync_reg[3]_inst in module system_top. Please use the change_names command to make the correct changes before invoking the verilog writer.   (VO-1)
Warning: Changed instance name u_async_fifo/u_sync_r2w/sync_reg[0] to u_async_fifo/u_sync_r2w/sync_reg[0]_inst in module system_top. Please use the change_names command to make the correct changes before invoking the verilog writer.   (VO-1)
Warning: Changed instance name u_async_fifo/u_sync_r2w/sync_reg[1] to u_async_fifo/u_sync_r2w/sync_reg[1]_inst in module system_top. Please use the change_names command to make the correct changes before invoking the verilog writer.   (VO-1)
Warning: Changed instance name u_async_fifo/u_sync_r2w/sync_reg[2] to u_async_fifo/u_sync_r2w/sync_reg[2]_inst in module system_top. Please use the change_names command to make the correct changes before invoking the verilog writer.   (VO-1)
1
write_file -format ddc     -hierarchy -output system_top.ddc
Writing ddc file 'system_top.ddc'.
1
# Synthesis Reports
report_area   > report_area.txt
report_timing > report_timing.txt
report_power  > report_power.txt
# GUI & Schematic rendering
start_gui
Current design is 'system_top'.
4.1
4.1
dc_shell> dc_shell> Current design is 'system_top'.
Loading db file '/home/synopsys/syn/O-2018.06-SP1/libraries/syn/generic.sdb'
dc_shell> 